Archive member included because of file (symbol)

e:/programs_installation/atmel/atmel/extensions/atmel/avrgcc/3.4.0.65/avrtoolchain/bin/../lib/gcc/avr/4.6.2/avr5\libgcc.a(_divmodsi4.o)
                              uart.o (__divmodsi4)
e:/programs_installation/atmel/atmel/extensions/atmel/avrgcc/3.4.0.65/avrtoolchain/bin/../lib/gcc/avr/4.6.2/avr5\libgcc.a(_exit.o)
                              e:/programs_installation/atmel/atmel/extensions/atmel/avrgcc/3.4.0.65/avrtoolchain/bin/../lib/gcc/avr/4.6.2/../../../../avr/lib/avr5/crtm32.o (exit)
e:/programs_installation/atmel/atmel/extensions/atmel/avrgcc/3.4.0.65/avrtoolchain/bin/../lib/gcc/avr/4.6.2/avr5\libgcc.a(_copy_data.o)
                              Gmotor.o (__do_copy_data)
e:/programs_installation/atmel/atmel/extensions/atmel/avrgcc/3.4.0.65/avrtoolchain/bin/../lib/gcc/avr/4.6.2/avr5\libgcc.a(_clear_bss.o)
                              Gmotor.o (__do_clear_bss)
e:/programs_installation/atmel/atmel/extensions/atmel/avrgcc/3.4.0.65/avrtoolchain/bin/../lib/gcc/avr/4.6.2/avr5\libgcc.a(_udivmodsi4.o)
                              e:/programs_installation/atmel/atmel/extensions/atmel/avrgcc/3.4.0.65/avrtoolchain/bin/../lib/gcc/avr/4.6.2/avr5\libgcc.a(_divmodsi4.o) (__udivmodsi4)

Allocating common symbols
Common symbol       size              file

s                   0x1               line.o

Memory Configuration

Name             Origin             Length             Attributes
text             0x00000000         0x00020000         xr
data             0x00800060         0x0000ffa0         rw !x
eeprom           0x00810000         0x00010000         rw !x
fuse             0x00820000         0x00000400         rw !x
lock             0x00830000         0x00000400         rw !x
signature        0x00840000         0x00000400         rw !x
*default*        0x00000000         0xffffffff

Linker script and memory map

LOAD e:/programs_installation/atmel/atmel/extensions/atmel/avrgcc/3.4.0.65/avrtoolchain/bin/../lib/gcc/avr/4.6.2/../../../../avr/lib/avr5/crtm32.o
LOAD Gmotor.o
LOAD line.o
LOAD motor.o
LOAD servo.o
LOAD Grip_And_Go.o
LOAD uart.o
START GROUP
LOAD e:/programs_installation/atmel/atmel/extensions/atmel/avrgcc/3.4.0.65/avrtoolchain/bin/../lib/gcc/avr/4.6.2/../../../../avr/lib/avr5\libm.a
END GROUP
LOAD e:/programs_installation/atmel/atmel/extensions/atmel/avrgcc/3.4.0.65/avrtoolchain/bin/../lib/gcc/avr/4.6.2/avr5\libgcc.a
LOAD e:/programs_installation/atmel/atmel/extensions/atmel/avrgcc/3.4.0.65/avrtoolchain/bin/../lib/gcc/avr/4.6.2/../../../../avr/lib/avr5\libc.a
LOAD e:/programs_installation/atmel/atmel/extensions/atmel/avrgcc/3.4.0.65/avrtoolchain/bin/../lib/gcc/avr/4.6.2/avr5\libgcc.a

.hash
 *(.hash)

.dynsym
 *(.dynsym)

.dynstr
 *(.dynstr)

.gnu.version
 *(.gnu.version)

.gnu.version_d
 *(.gnu.version_d)

.gnu.version_r
 *(.gnu.version_r)

.rel.init
 *(.rel.init)

.rela.init
 *(.rela.init)

.rel.text
 *(.rel.text)
 *(.rel.text.*)
 *(.rel.gnu.linkonce.t*)

.rela.text
 *(.rela.text)
 *(.rela.text.*)
 *(.rela.gnu.linkonce.t*)

.rel.fini
 *(.rel.fini)

.rela.fini
 *(.rela.fini)

.rel.rodata
 *(.rel.rodata)
 *(.rel.rodata.*)
 *(.rel.gnu.linkonce.r*)

.rela.rodata
 *(.rela.rodata)
 *(.rela.rodata.*)
 *(.rela.gnu.linkonce.r*)

.rel.data
 *(.rel.data)
 *(.rel.data.*)
 *(.rel.gnu.linkonce.d*)

.rela.data
 *(.rela.data)
 *(.rela.data.*)
 *(.rela.gnu.linkonce.d*)

.rel.ctors
 *(.rel.ctors)

.rela.ctors
 *(.rela.ctors)

.rel.dtors
 *(.rel.dtors)

.rela.dtors
 *(.rela.dtors)

.rel.got
 *(.rel.got)

.rela.got
 *(.rela.got)

.rel.bss
 *(.rel.bss)

.rela.bss
 *(.rela.bss)

.rel.plt
 *(.rel.plt)

.rela.plt
 *(.rela.plt)

.text           0x00000000      0x636
 *(.vectors)
 .vectors       0x00000000       0x54 e:/programs_installation/atmel/atmel/extensions/atmel/avrgcc/3.4.0.65/avrtoolchain/bin/../lib/gcc/avr/4.6.2/../../../../avr/lib/avr5/crtm32.o
                0x00000000                __vector_default
                0x00000000                __vectors
 *(.vectors)
 *(.progmem.gcc*)
 *(.progmem*)
                0x00000054                . = ALIGN (0x2)
                0x00000054                __trampolines_start = .
 *(.trampolines)
 .trampolines   0x00000054        0x0 linker stubs
 *(.trampolines*)
                0x00000054                __trampolines_end = .
 *(.jumptables)
 *(.jumptables*)
 *(.lowtext)
 *(.lowtext*)
                0x00000054                __ctors_start = .
 *(.ctors)
                0x00000054                __ctors_end = .
                0x00000054                __dtors_start = .
 *(.dtors)
                0x00000054                __dtors_end = .
 SORT(*)(.ctors)
 SORT(*)(.dtors)
 *(.init0)
 .init0         0x00000054        0x0 e:/programs_installation/atmel/atmel/extensions/atmel/avrgcc/3.4.0.65/avrtoolchain/bin/../lib/gcc/avr/4.6.2/../../../../avr/lib/avr5/crtm32.o
                0x00000054                __init
 *(.init0)
 *(.init1)
 *(.init1)
 *(.init2)
 .init2         0x00000054        0xc e:/programs_installation/atmel/atmel/extensions/atmel/avrgcc/3.4.0.65/avrtoolchain/bin/../lib/gcc/avr/4.6.2/../../../../avr/lib/avr5/crtm32.o
 *(.init2)
 *(.init3)
 *(.init3)
 *(.init4)
 .init4         0x00000060       0x16 e:/programs_installation/atmel/atmel/extensions/atmel/avrgcc/3.4.0.65/avrtoolchain/bin/../lib/gcc/avr/4.6.2/avr5\libgcc.a(_copy_data.o)
                0x00000060                __do_copy_data
 .init4         0x00000076       0x10 e:/programs_installation/atmel/atmel/extensions/atmel/avrgcc/3.4.0.65/avrtoolchain/bin/../lib/gcc/avr/4.6.2/avr5\libgcc.a(_clear_bss.o)
                0x00000076                __do_clear_bss
 *(.init4)
 *(.init5)
 *(.init5)
 *(.init6)
 *(.init6)
 *(.init7)
 *(.init7)
 *(.init8)
 *(.init8)
 *(.init9)
 .init9         0x00000086        0x8 e:/programs_installation/atmel/atmel/extensions/atmel/avrgcc/3.4.0.65/avrtoolchain/bin/../lib/gcc/avr/4.6.2/../../../../avr/lib/avr5/crtm32.o
 *(.init9)
 *(.text)
 .text          0x0000008e        0x4 e:/programs_installation/atmel/atmel/extensions/atmel/avrgcc/3.4.0.65/avrtoolchain/bin/../lib/gcc/avr/4.6.2/../../../../avr/lib/avr5/crtm32.o
                0x0000008e                __vector_1
                0x0000008e                __vector_12
                0x0000008e                __bad_interrupt
                0x0000008e                __vector_6
                0x0000008e                __vector_3
                0x0000008e                __vector_11
                0x0000008e                __vector_13
                0x0000008e                __vector_17
                0x0000008e                __vector_19
                0x0000008e                __vector_7
                0x0000008e                __vector_5
                0x0000008e                __vector_4
                0x0000008e                __vector_9
                0x0000008e                __vector_2
                0x0000008e                __vector_15
                0x0000008e                __vector_8
                0x0000008e                __vector_14
                0x0000008e                __vector_10
                0x0000008e                __vector_16
                0x0000008e                __vector_18
                0x0000008e                __vector_20
 .text          0x00000092       0x2e Gmotor.o
                0x00000092                gmotor_init
                0x000000aa                gmotor_speed
                0x000000b4                open
                0x000000ba                close
 .text          0x000000c0       0xc2 line.o
                0x000000c0                move_on
                0x000000d8                back
                0x000000f0                stop
                0x00000102                forward_right
                0x00000116                forward_left
                0x0000012c                backward_right
                0x00000140                backward_left
                0x00000156                turn90right
                0x0000016c                turn90left
 .text          0x00000182       0x9a motor.o
                0x00000182                motor_init
                0x00000198                leftmotor_speed
                0x000001c6                rightmotor_speed
                0x000001f4                forward
                0x000001fe                backward
                0x00000208                reverse_right
                0x00000212                reverse_left
 .text          0x0000021c       0x44 servo.o
                0x0000021c                servo_init
                0x00000238                angle
                0x00000242                Wait
 .text          0x00000260      0x324 Grip_And_Go.o
                0x00000260                main
 .text          0x00000584       0x34 uart.o
                0x00000584                USART_Transmit
                0x0000058c                USART_Receive
                0x00000594                USART_Init
 .text          0x000005b8        0x0 e:/programs_installation/atmel/atmel/extensions/atmel/avrgcc/3.4.0.65/avrtoolchain/bin/../lib/gcc/avr/4.6.2/avr5\libgcc.a(_divmodsi4.o)
 .text          0x000005b8        0x0 e:/programs_installation/atmel/atmel/extensions/atmel/avrgcc/3.4.0.65/avrtoolchain/bin/../lib/gcc/avr/4.6.2/avr5\libgcc.a(_exit.o)
 .text          0x000005b8        0x0 e:/programs_installation/atmel/atmel/extensions/atmel/avrgcc/3.4.0.65/avrtoolchain/bin/../lib/gcc/avr/4.6.2/avr5\libgcc.a(_copy_data.o)
 .text          0x000005b8        0x0 e:/programs_installation/atmel/atmel/extensions/atmel/avrgcc/3.4.0.65/avrtoolchain/bin/../lib/gcc/avr/4.6.2/avr5\libgcc.a(_clear_bss.o)
 .text          0x000005b8        0x0 e:/programs_installation/atmel/atmel/extensions/atmel/avrgcc/3.4.0.65/avrtoolchain/bin/../lib/gcc/avr/4.6.2/avr5\libgcc.a(_udivmodsi4.o)
                0x000005b8                . = ALIGN (0x2)
 *(.text.*)
 .text.libgcc   0x000005b8       0x36 e:/programs_installation/atmel/atmel/extensions/atmel/avrgcc/3.4.0.65/avrtoolchain/bin/../lib/gcc/avr/4.6.2/avr5\libgcc.a(_divmodsi4.o)
                0x000005b8                __divmodsi4
 .text.libgcc   0x000005ee        0x0 e:/programs_installation/atmel/atmel/extensions/atmel/avrgcc/3.4.0.65/avrtoolchain/bin/../lib/gcc/avr/4.6.2/avr5\libgcc.a(_exit.o)
 .text.libgcc   0x000005ee        0x0 e:/programs_installation/atmel/atmel/extensions/atmel/avrgcc/3.4.0.65/avrtoolchain/bin/../lib/gcc/avr/4.6.2/avr5\libgcc.a(_copy_data.o)
 .text.libgcc   0x000005ee        0x0 e:/programs_installation/atmel/atmel/extensions/atmel/avrgcc/3.4.0.65/avrtoolchain/bin/../lib/gcc/avr/4.6.2/avr5\libgcc.a(_clear_bss.o)
 .text.libgcc   0x000005ee       0x44 e:/programs_installation/atmel/atmel/extensions/atmel/avrgcc/3.4.0.65/avrtoolchain/bin/../lib/gcc/avr/4.6.2/avr5\libgcc.a(_udivmodsi4.o)
                0x000005ee                __udivmodsi4
                0x00000632                . = ALIGN (0x2)
 *(.fini9)
 .fini9         0x00000632        0x0 e:/programs_installation/atmel/atmel/extensions/atmel/avrgcc/3.4.0.65/avrtoolchain/bin/../lib/gcc/avr/4.6.2/avr5\libgcc.a(_exit.o)
                0x00000632                _exit
                0x00000632                exit
 *(.fini9)
 *(.fini8)
 *(.fini8)
 *(.fini7)
 *(.fini7)
 *(.fini6)
 *(.fini6)
 *(.fini5)
 *(.fini5)
 *(.fini4)
 *(.fini4)
 *(.fini3)
 *(.fini3)
 *(.fini2)
 *(.fini2)
 *(.fini1)
 *(.fini1)
 *(.fini0)
 .fini0         0x00000632        0x4 e:/programs_installation/atmel/atmel/extensions/atmel/avrgcc/3.4.0.65/avrtoolchain/bin/../lib/gcc/avr/4.6.2/avr5\libgcc.a(_exit.o)
 *(.fini0)
                0x00000636                _etext = .

.data           0x00800060        0x0 load address 0x00000636
                0x00800060                PROVIDE (__data_start, .)
 *(.data)
 .data          0x00800060        0x0 e:/programs_installation/atmel/atmel/extensions/atmel/avrgcc/3.4.0.65/avrtoolchain/bin/../lib/gcc/avr/4.6.2/../../../../avr/lib/avr5/crtm32.o
 .data          0x00800060        0x0 Gmotor.o
 .data          0x00800060        0x0 line.o
 .data          0x00800060        0x0 motor.o
 .data          0x00800060        0x0 servo.o
 .data          0x00800060        0x0 Grip_And_Go.o
 .data          0x00800060        0x0 uart.o
 .data          0x00800060        0x0 e:/programs_installation/atmel/atmel/extensions/atmel/avrgcc/3.4.0.65/avrtoolchain/bin/../lib/gcc/avr/4.6.2/avr5\libgcc.a(_divmodsi4.o)
 .data          0x00800060        0x0 e:/programs_installation/atmel/atmel/extensions/atmel/avrgcc/3.4.0.65/avrtoolchain/bin/../lib/gcc/avr/4.6.2/avr5\libgcc.a(_exit.o)
 .data          0x00800060        0x0 e:/programs_installation/atmel/atmel/extensions/atmel/avrgcc/3.4.0.65/avrtoolchain/bin/../lib/gcc/avr/4.6.2/avr5\libgcc.a(_copy_data.o)
 .data          0x00800060        0x0 e:/programs_installation/atmel/atmel/extensions/atmel/avrgcc/3.4.0.65/avrtoolchain/bin/../lib/gcc/avr/4.6.2/avr5\libgcc.a(_clear_bss.o)
 .data          0x00800060        0x0 e:/programs_installation/atmel/atmel/extensions/atmel/avrgcc/3.4.0.65/avrtoolchain/bin/../lib/gcc/avr/4.6.2/avr5\libgcc.a(_udivmodsi4.o)
 *(.data*)
 *(.rodata)
 *(.rodata*)
 *(.gnu.linkonce.d*)
                0x00800060                . = ALIGN (0x2)
                0x00800060                _edata = .
                0x00800060                PROVIDE (__data_end, .)

.bss            0x00800060        0x1
                0x00800060                PROVIDE (__bss_start, .)
 *(.bss)
 .bss           0x00800060        0x0 e:/programs_installation/atmel/atmel/extensions/atmel/avrgcc/3.4.0.65/avrtoolchain/bin/../lib/gcc/avr/4.6.2/../../../../avr/lib/avr5/crtm32.o
 .bss           0x00800060        0x0 Gmotor.o
 .bss           0x00800060        0x0 line.o
 .bss           0x00800060        0x0 motor.o
 .bss           0x00800060        0x0 servo.o
 .bss           0x00800060        0x0 Grip_And_Go.o
 .bss           0x00800060        0x0 uart.o
 .bss           0x00800060        0x0 e:/programs_installation/atmel/atmel/extensions/atmel/avrgcc/3.4.0.65/avrtoolchain/bin/../lib/gcc/avr/4.6.2/avr5\libgcc.a(_divmodsi4.o)
 .bss           0x00800060        0x0 e:/programs_installation/atmel/atmel/extensions/atmel/avrgcc/3.4.0.65/avrtoolchain/bin/../lib/gcc/avr/4.6.2/avr5\libgcc.a(_exit.o)
 .bss           0x00800060        0x0 e:/programs_installation/atmel/atmel/extensions/atmel/avrgcc/3.4.0.65/avrtoolchain/bin/../lib/gcc/avr/4.6.2/avr5\libgcc.a(_copy_data.o)
 .bss           0x00800060        0x0 e:/programs_installation/atmel/atmel/extensions/atmel/avrgcc/3.4.0.65/avrtoolchain/bin/../lib/gcc/avr/4.6.2/avr5\libgcc.a(_clear_bss.o)
 .bss           0x00800060        0x0 e:/programs_installation/atmel/atmel/extensions/atmel/avrgcc/3.4.0.65/avrtoolchain/bin/../lib/gcc/avr/4.6.2/avr5\libgcc.a(_udivmodsi4.o)
 *(.bss*)
 *(COMMON)
 COMMON         0x00800060        0x1 line.o
                0x00800060                s
                0x00800061                PROVIDE (__bss_end, .)
                0x00000636                __data_load_start = LOADADDR (.data)
                0x00000636                __data_load_end = (__data_load_start + SIZEOF (.data))

.noinit         0x00800061        0x0
                0x00800061                PROVIDE (__noinit_start, .)
 *(.noinit*)
                0x00800061                PROVIDE (__noinit_end, .)
                0x00800061                _end = .
                0x00800061                PROVIDE (__heap_start, .)

.eeprom         0x00810000        0x0
 *(.eeprom*)
                0x00810000                __eeprom_end = .

.fuse
 *(.fuse)
 *(.lfuse)
 *(.hfuse)
 *(.efuse)

.lock
 *(.lock*)

.signature
 *(.signature*)

.stab           0x00000000      0x6cc
 *(.stab)
 .stab          0x00000000      0x6cc e:/programs_installation/atmel/atmel/extensions/atmel/avrgcc/3.4.0.65/avrtoolchain/bin/../lib/gcc/avr/4.6.2/../../../../avr/lib/avr5/crtm32.o

.stabstr        0x00000000       0x85
 *(.stabstr)
 .stabstr       0x00000000       0x85 e:/programs_installation/atmel/atmel/extensions/atmel/avrgcc/3.4.0.65/avrtoolchain/bin/../lib/gcc/avr/4.6.2/../../../../avr/lib/avr5/crtm32.o

.stab.excl
 *(.stab.excl)

.stab.exclstr
 *(.stab.exclstr)

.stab.index
 *(.stab.index)

.stab.indexstr
 *(.stab.indexstr)

.comment
 *(.comment)

.debug
 *(.debug)

.line
 *(.line)

.debug_srcinfo
 *(.debug_srcinfo)

.debug_sfnames
 *(.debug_sfnames)

.debug_aranges  0x00000000      0x160
 *(.debug_aranges)
 .debug_aranges
                0x00000000       0x20 Gmotor.o
 .debug_aranges
                0x00000020       0x20 line.o
 .debug_aranges
                0x00000040       0x20 motor.o
 .debug_aranges
                0x00000060       0x20 servo.o
 .debug_aranges
                0x00000080       0x20 Grip_And_Go.o
 .debug_aranges
                0x000000a0       0x20 uart.o
 .debug_aranges
                0x000000c0       0x20 e:/programs_installation/atmel/atmel/extensions/atmel/avrgcc/3.4.0.65/avrtoolchain/bin/../lib/gcc/avr/4.6.2/avr5\libgcc.a(_divmodsi4.o)
 .debug_aranges
                0x000000e0       0x20 e:/programs_installation/atmel/atmel/extensions/atmel/avrgcc/3.4.0.65/avrtoolchain/bin/../lib/gcc/avr/4.6.2/avr5\libgcc.a(_exit.o)
 .debug_aranges
                0x00000100       0x20 e:/programs_installation/atmel/atmel/extensions/atmel/avrgcc/3.4.0.65/avrtoolchain/bin/../lib/gcc/avr/4.6.2/avr5\libgcc.a(_copy_data.o)
 .debug_aranges
                0x00000120       0x20 e:/programs_installation/atmel/atmel/extensions/atmel/avrgcc/3.4.0.65/avrtoolchain/bin/../lib/gcc/avr/4.6.2/avr5\libgcc.a(_clear_bss.o)
 .debug_aranges
                0x00000140       0x20 e:/programs_installation/atmel/atmel/extensions/atmel/avrgcc/3.4.0.65/avrtoolchain/bin/../lib/gcc/avr/4.6.2/avr5\libgcc.a(_udivmodsi4.o)

.debug_pubnames
 *(.debug_pubnames)

.debug_info     0x00000000      0xc59
 *(.debug_info)
 .debug_info    0x00000000       0xda Gmotor.o
 .debug_info    0x000000da      0x134 line.o
 .debug_info    0x0000020e      0x122 motor.o
 .debug_info    0x00000330      0x140 servo.o
 .debug_info    0x00000470      0x2ba Grip_And_Go.o
 .debug_info    0x0000072a       0xde uart.o
 .debug_info    0x00000808       0xdd e:/programs_installation/atmel/atmel/extensions/atmel/avrgcc/3.4.0.65/avrtoolchain/bin/../lib/gcc/avr/4.6.2/avr5\libgcc.a(_divmodsi4.o)
 .debug_info    0x000008e5       0xdd e:/programs_installation/atmel/atmel/extensions/atmel/avrgcc/3.4.0.65/avrtoolchain/bin/../lib/gcc/avr/4.6.2/avr5\libgcc.a(_exit.o)
 .debug_info    0x000009c2       0xdd e:/programs_installation/atmel/atmel/extensions/atmel/avrgcc/3.4.0.65/avrtoolchain/bin/../lib/gcc/avr/4.6.2/avr5\libgcc.a(_copy_data.o)
 .debug_info    0x00000a9f       0xdd e:/programs_installation/atmel/atmel/extensions/atmel/avrgcc/3.4.0.65/avrtoolchain/bin/../lib/gcc/avr/4.6.2/avr5\libgcc.a(_clear_bss.o)
 .debug_info    0x00000b7c       0xdd e:/programs_installation/atmel/atmel/extensions/atmel/avrgcc/3.4.0.65/avrtoolchain/bin/../lib/gcc/avr/4.6.2/avr5\libgcc.a(_udivmodsi4.o)
 *(.gnu.linkonce.wi.*)

.debug_abbrev   0x00000000      0x442
 *(.debug_abbrev)
 .debug_abbrev  0x00000000       0x70 Gmotor.o
 .debug_abbrev  0x00000070       0x5f line.o
 .debug_abbrev  0x000000cf       0x70 motor.o
 .debug_abbrev  0x0000013f       0xd9 servo.o
 .debug_abbrev  0x00000218      0x11f Grip_And_Go.o
 .debug_abbrev  0x00000337       0xa7 uart.o
 .debug_abbrev  0x000003de       0x14 e:/programs_installation/atmel/atmel/extensions/atmel/avrgcc/3.4.0.65/avrtoolchain/bin/../lib/gcc/avr/4.6.2/avr5\libgcc.a(_divmodsi4.o)
 .debug_abbrev  0x000003f2       0x14 e:/programs_installation/atmel/atmel/extensions/atmel/avrgcc/3.4.0.65/avrtoolchain/bin/../lib/gcc/avr/4.6.2/avr5\libgcc.a(_exit.o)
 .debug_abbrev  0x00000406       0x14 e:/programs_installation/atmel/atmel/extensions/atmel/avrgcc/3.4.0.65/avrtoolchain/bin/../lib/gcc/avr/4.6.2/avr5\libgcc.a(_copy_data.o)
 .debug_abbrev  0x0000041a       0x14 e:/programs_installation/atmel/atmel/extensions/atmel/avrgcc/3.4.0.65/avrtoolchain/bin/../lib/gcc/avr/4.6.2/avr5\libgcc.a(_clear_bss.o)
 .debug_abbrev  0x0000042e       0x14 e:/programs_installation/atmel/atmel/extensions/atmel/avrgcc/3.4.0.65/avrtoolchain/bin/../lib/gcc/avr/4.6.2/avr5\libgcc.a(_udivmodsi4.o)

.debug_line     0x00000000      0x9df
 *(.debug_line)
 .debug_line    0x00000000       0xdd Gmotor.o
 .debug_line    0x000000dd       0x6f line.o
 .debug_line    0x0000014c      0x100 motor.o
 .debug_line    0x0000024c      0x17a servo.o
 .debug_line    0x000003c6      0x24b Grip_And_Go.o
 .debug_line    0x00000611       0xde uart.o
 .debug_line    0x000006ef       0xa1 e:/programs_installation/atmel/atmel/extensions/atmel/avrgcc/3.4.0.65/avrtoolchain/bin/../lib/gcc/avr/4.6.2/avr5\libgcc.a(_divmodsi4.o)
 .debug_line    0x00000790       0x88 e:/programs_installation/atmel/atmel/extensions/atmel/avrgcc/3.4.0.65/avrtoolchain/bin/../lib/gcc/avr/4.6.2/avr5\libgcc.a(_exit.o)
 .debug_line    0x00000818       0x91 e:/programs_installation/atmel/atmel/extensions/atmel/avrgcc/3.4.0.65/avrtoolchain/bin/../lib/gcc/avr/4.6.2/avr5\libgcc.a(_copy_data.o)
 .debug_line    0x000008a9       0x8e e:/programs_installation/atmel/atmel/extensions/atmel/avrgcc/3.4.0.65/avrtoolchain/bin/../lib/gcc/avr/4.6.2/avr5\libgcc.a(_clear_bss.o)
 .debug_line    0x00000937       0xa8 e:/programs_installation/atmel/atmel/extensions/atmel/avrgcc/3.4.0.65/avrtoolchain/bin/../lib/gcc/avr/4.6.2/avr5\libgcc.a(_udivmodsi4.o)

.debug_frame    0x00000000      0x228
 *(.debug_frame)
 .debug_frame   0x00000000       0x54 Gmotor.o
 .debug_frame   0x00000054       0xa4 line.o
 .debug_frame   0x000000f8       0x84 motor.o
 .debug_frame   0x0000017c       0x44 servo.o
 .debug_frame   0x000001c0       0x24 Grip_And_Go.o
 .debug_frame   0x000001e4       0x44 uart.o

.debug_str      0x00000000      0x291
 *(.debug_str)
 .debug_str     0x00000000       0xb2 Gmotor.o
                                 0xe6 (size before relaxing)
 .debug_str     0x000000b2       0x6d line.o
                                0x115 (size before relaxing)
 .debug_str     0x0000011f       0x5a motor.o
                                0x115 (size before relaxing)
 .debug_str     0x00000179       0x39 servo.o
                                 0xed (size before relaxing)
 .debug_str     0x000001b2       0xa1 Grip_And_Go.o
                                0x12a (size before relaxing)
 .debug_str     0x00000253       0x3e uart.o
                                 0xe9 (size before relaxing)

.debug_loc      0x00000000      0x3e8
 *(.debug_loc)
 .debug_loc     0x00000000       0x3e motor.o
 .debug_loc     0x0000003e       0x50 servo.o
 .debug_loc     0x0000008e      0x342 Grip_And_Go.o
 .debug_loc     0x000003d0       0x18 uart.o

.debug_macinfo
 *(.debug_macinfo)
OUTPUT(test1.elf elf32-avr)
LOAD linker stubs
